// Jest Snapshot v1, https://goo.gl/fbAQLP

exports[`checkThemeStatus 1`] = `
Object {
  "UpdatedFile": true,
}
`;

exports[`getAllThemesInfo 1`] = `
Object {
  "Theme_Names": Array [
    Object {
      "CATEGORY": "Community",
      "ICON": "redETU.png",
      "QUERYNAME": "axs_express_topup",
      "THEMENAME": "AXS Express Top Up",
      "THEME_OWNER": "SINGAPORE LAND AUTHORITY",
    },
    Object {
      "CATEGORY": "Community",
      "ICON": "SpeedCam_logo.gif",
      "QUERYNAME": "spf_msc",
      "THEMENAME": "Singapore Police Force Mobile Speed Cameras",
      "THEME_OWNER": "SINGAPORE POLICE FORCE",
    },
    Object {
      "CATEGORY": "Community",
      "ICON": "Crest_20x20.jpg",
      "QUERYNAME": "liquor_control_zones",
      "THEMENAME": "Liquor Control Zone(s) proclaimed under Liquor Control (Supply and Consumption) Act 2015",
      "THEME_OWNER": "SINGAPORE POLICE FORCE",
    },
    Object {
      "CATEGORY": "Community",
      "ICON": "Crest_20x20.jpg",
      "QUERYNAME": "as_istana_core",
      "THEMENAME": "Singapore Police Force - 32nd ASEAN Summit Istana Special Zone",
      "THEME_OWNER": "SINGAPORE POLICE FORCE",
    },
    Object {
      "CATEGORY": "Community",
      "ICON": "Crest_20x20.jpg",
      "QUERYNAME": "as_istana_buffer",
      "THEMENAME": "Singapore Police Force - 32nd ASEAN Summit Istana Special Event Area",
      "THEME_OWNER": "SINGAPORE POLICE FORCE",
    },
    Object {
      "CATEGORY": "Education",
      "ICON": "WSQ.jpg",
      "QUERYNAME": "cetcentres",
      "THEMENAME": "CET Centres",
      "THEME_OWNER": "SINGAPORE WORKFORCE DEVELOPMENT AGENCY",
    },
    Object {
      "CATEGORY": "Government Offices",
      "ICON": "M0906.png",
      "QUERYNAME": "hdb_branches",
      "THEMENAME": "HDB Branches",
      "THEME_OWNER": "HOUSING AND DEVELOPMENT BOARD",
    },
    Object {
      "CATEGORY": "Government Offices",
      "ICON": "PA.jpg",
      "QUERYNAME": "paheadquarters",
      "THEMENAME": "PA Headquarters",
      "THEME_OWNER": "PEOPLE'S ASSOCIATION",
    },
    Object {
      "CATEGORY": "Health",
      "ICON": "breastscreen.jpg",
      "QUERYNAME": "breastscreen",
      "THEMENAME": "Breast Screening Centre",
      "THEME_OWNER": "HEALTH PROMOTION BOARD",
    },
    Object {
      "CATEGORY": "Family",
      "ICON": "onemap-fc-eldercare.png",
      "QUERYNAME": "eldercare",
      "THEMENAME": "Eldercare Services",
      "THEME_OWNER": "MINISTRY OF SOCIAL AND FAMILY DEVELOPMENT",
    },
    Object {
      "CATEGORY": "Emergency Preparedness",
      "ICON": "FP.png",
      "QUERYNAME": "firepost",
      "THEMENAME": "Fire Posts",
      "THEME_OWNER": "SINGAPORE CIVIL DEFENCE FORCE",
    },
    Object {
      "CATEGORY": "Environment",
      "ICON": "circle.png",
      "QUERYNAME": "funeralparlours",
      "THEMENAME": "Funeral Parlours",
      "THEME_OWNER": "NATIONAL ENVIRONMENT AGENCY",
    },
    Object {
      "CATEGORY": "Community",
      "ICON": "Water-Venture.gif",
      "QUERYNAME": "waterventure",
      "THEMENAME": "Water Ventures",
      "THEME_OWNER": "PEOPLE'S ASSOCIATION",
    },
    Object {
      "CATEGORY": "null",
      "ICON": "null",
      "QUERYNAME": "bca_estate_upg_prog_osp",
      "THEMENAME": "Estate Upgrading Programme (EUP) Works for OSP",
      "THEME_OWNER": "BUILDING AND CONSTRUCTION AUTHORITY",
    },
    Object {
      "CATEGORY": "Environment",
      "ICON": "HC icons_Opt 8.jpg",
      "QUERYNAME": "hawkercentre",
      "THEMENAME": "Hawker Centres",
      "THEME_OWNER": "NATIONAL ENVIRONMENT AGENCY",
    },
    Object {
      "CATEGORY": "Recreation",
      "ICON": "hotel.gif",
      "QUERYNAME": "hotels",
      "THEMENAME": "Hotels",
      "THEME_OWNER": "HOTELS LICENSING BOARD",
    },
    Object {
      "CATEGORY": "Government Offices",
      "ICON": "Crest_20x20.jpg",
      "QUERYNAME": "spf_establishments_2018",
      "THEMENAME": "Singapore Police Force Establishments (2018)",
      "THEME_OWNER": "SINGAPORE POLICE FORCE",
    },
    Object {
      "CATEGORY": "Environment",
      "ICON": "abclogo_onemap.png",
      "QUERYNAME": "abcwaterssites",
      "THEMENAME": "ABC Waters Sites",
      "THEME_OWNER": "PUBLIC UTILITIES BOARD",
    },
    Object {
      "CATEGORY": "Environment",
      "ICON": "lightbulb.jpg",
      "QUERYNAME": "lighting",
      "THEMENAME": "Lighting Waste Collection Points",
      "THEME_OWNER": "NATIONAL ENVIRONMENT AGENCY",
    },
    Object {
      "CATEGORY": "Community",
      "ICON": "PA.jpg",
      "QUERYNAME": "otherfacilities",
      "THEMENAME": "PA Holiday Facilities",
      "THEME_OWNER": "PEOPLE'S ASSOCIATION",
    },
    Object {
      "CATEGORY": "Government Offices",
      "ICON": "ecoa20.jpg",
      "QUERYNAME": "neaoffices",
      "THEMENAME": "NEA Offices",
      "THEME_OWNER": "NATIONAL ENVIRONMENT AGENCY",
    },
    Object {
      "CATEGORY": "Emergency Preparedness",
      "ICON": "SCDF.jpg",
      "QUERYNAME": "scdfhq",
      "THEMENAME": "SCDF HQs and Training Establishments",
      "THEME_OWNER": "SINGAPORE CIVIL DEFENCE FORCE",
    },
    Object {
      "CATEGORY": "Environment",
      "ICON": "cleansing sector.jpg",
      "QUERYNAME": "cleansing_outsourced",
      "THEMENAME": "Cleaning Sectors",
      "THEME_OWNER": "NATIONAL ENVIRONMENT AGENCY",
    },
    Object {
      "CATEGORY": "Emergency Preparedness",
      "ICON": "FS.PNG",
      "QUERYNAME": "firestation",
      "THEMENAME": "Fire Stations",
      "THEME_OWNER": "SINGAPORE CIVIL DEFENCE FORCE",
    },
    Object {
      "CATEGORY": "Health",
      "ICON": "quitcentres.jpg",
      "QUERYNAME": "quitcentres",
      "THEMENAME": "Quit Centres",
      "THEME_OWNER": "HEALTH PROMOTION BOARD",
    },
    Object {
      "CATEGORY": "Community",
      "ICON": "sso_20_px_by_20_px.jpg",
      "QUERYNAME": "sso",
      "THEMENAME": "Social Service Offices",
      "THEME_OWNER": "MINISTRY OF SOCIAL AND FAMILY DEVELOPMENT",
    },
    Object {
      "CATEGORY": "Sports",
      "ICON": "RedDot(20x20px)clear.png",
      "QUERYNAME": "sportsg_sport_facilities",
      "THEMENAME": "SportSG Sport Facilities",
      "THEME_OWNER": "SPORT SINGAPORE",
    },
    Object {
      "CATEGORY": "null",
      "ICON": "null",
      "QUERYNAME": "ura_project_public_pl",
      "THEMENAME": "URA Project (PUBLIC)",
      "THEME_OWNER": "URBAN REDEVELOPMENT AUTHORITY",
    },
    Object {
      "CATEGORY": "null",
      "ICON": "null",
      "QUERYNAME": "liquor_control_zone",
      "THEMENAME": "Liquor Control Zone under Public Order (Additional Temporary Measures) Act 2014",
      "THEME_OWNER": "SINGAPORE POLICE FORCE",
    },
    Object {
      "CATEGORY": "Culture",
      "ICON": "heritage.gif",
      "QUERYNAME": "monuments",
      "THEMENAME": "Monuments",
      "THEME_OWNER": "NATIONAL HERITAGE BOARD",
    },
    Object {
      "CATEGORY": "Culture",
      "ICON": "mr.gif",
      "QUERYNAME": "museum",
      "THEMENAME": "Museums",
      "THEME_OWNER": "NATIONAL HERITAGE BOARD",
    },
    Object {
      "CATEGORY": "Community",
      "ICON": "onemap_Remittance_20.png",
      "QUERYNAME": "remittance",
      "THEMENAME": "Locations of Remittance",
      "THEME_OWNER": "MONETARY AUTHORITY OF SINGAPORE",
    },
    Object {
      "CATEGORY": "Recreation",
      "ICON": "Bikepark.jpg",
      "QUERYNAME": "bicyclerack",
      "THEMENAME": "LTA Bicycle Rack",
      "THEME_OWNER": "LAND TRANSPORT AUTHORITY",
    },
    Object {
      "CATEGORY": "Community",
      "ICON": "Crest_20x20.jpg",
      "QUERYNAME": "as_shangrila_core",
      "THEMENAME": "Singapore Police Force - 32nd ASEAN Summit Shangri-La Hotel Special Zone",
      "THEME_OWNER": "SINGAPORE POLICE FORCE",
    },
    Object {
      "CATEGORY": "Community",
      "ICON": "Crest_20x20.jpg",
      "QUERYNAME": "as_shangrila_buffer",
      "THEMENAME": "Singapore Police Force - 32nd ASEAN Summit Shangri-La Hotel Special Event Area",
      "THEME_OWNER": "SINGAPORE POLICE FORCE",
    },
    Object {
      "CATEGORY": "Health",
      "ICON": "Picture1.png",
      "QUERYNAME": "breedinghabitat_southeast_area",
      "THEMENAME": "Aedes Mosquito Breeding Habitats - South East",
      "THEME_OWNER": "NATIONAL ENVIRONMENT AGENCY",
    },
    Object {
      "CATEGORY": "Health",
      "ICON": "Picture1.png",
      "QUERYNAME": "breedinghabitat_central_area",
      "THEMENAME": "Aedes Mosquito Breeding Habitats - Central",
      "THEME_OWNER": "NATIONAL ENVIRONMENT AGENCY",
    },
    Object {
      "CATEGORY": "Emergency Preparedness",
      "ICON": "Onemap.png",
      "QUERYNAME": "civildefencepublicshelters",
      "THEMENAME": "Civil Defence Public Shelters",
      "THEME_OWNER": "SINGAPORE CIVIL DEFENCE FORCE",
    },
    Object {
      "CATEGORY": "null",
      "ICON": "null",
      "QUERYNAME": "nparks_uc_pc",
      "THEMENAME": "Under-Construction Park Connectors",
      "THEME_OWNER": "NATIONAL PARKS BOARD",
    },
    Object {
      "CATEGORY": "null",
      "ICON": "null",
      "QUERYNAME": "singapore_cmhabitats_20102011",
      "THEMENAME": "Singapore Coastal Habitats Map from High Resolution Satellite Imagery (2010/2011)",
      "THEME_OWNER": "NATIONAL PARKS BOARD",
    },
    Object {
      "CATEGORY": "Environment",
      "ICON": "icon.png",
      "QUERYNAME": "track_record_ils_feb18",
      "THEMENAME": "Certificate Grading Info of Licensed Eating Establishments",
      "THEME_OWNER": "NATIONAL ENVIRONMENT AGENCY",
    },
    Object {
      "CATEGORY": "Community",
      "ICON": "CAAS logo.png",
      "QUERYNAME": "solarpv_zones",
      "THEMENAME": "CAAS Zones for Solar PV Consultation",
      "THEME_OWNER": "CIVIL AVIATION AUTHORITY OF SINGAPORE",
    },
    Object {
      "CATEGORY": "Recreation",
      "ICON": "wireless.gif",
      "QUERYNAME": "wireless_hotspots",
      "THEMENAME": "Wireless HotSpots",
      "THEME_OWNER": "INFOCOMM MEDIA DEVELOPMENT AUTHORITY",
    },
    Object {
      "CATEGORY": "null",
      "ICON": "null",
      "QUERYNAME": "drainageconstruction",
      "THEMENAME": "Drainage Construction",
      "THEME_OWNER": "PUBLIC UTILITIES BOARD",
    },
    Object {
      "CATEGORY": "Environment",
      "ICON": "ParkingLot.png",
      "QUERYNAME": "ura_parking_lot",
      "THEMENAME": "URA Parking Lot",
      "THEME_OWNER": "URBAN REDEVELOPMENT AUTHORITY",
    },
    Object {
      "CATEGORY": "Government Offices",
      "ICON": "logocpf.png",
      "QUERYNAME": "cpfb_location",
      "THEMENAME": "CPF Service Centres",
      "THEME_OWNER": "CENTRAL PROVIDENT FUND BOARD",
    },
    Object {
      "CATEGORY": "Environment",
      "ICON": "coffina20.jpg",
      "QUERYNAME": "afterdeathfacilities",
      "THEMENAME": "After Death Facilities",
      "THEME_OWNER": "NATIONAL ENVIRONMENT AGENCY",
    },
    Object {
      "CATEGORY": "Employment",
      "ICON": "WSQ.jpg",
      "QUERYNAME": "wdaservicepoints",
      "THEMENAME": "CareersConnect",
      "THEME_OWNER": "SINGAPORE WORKFORCE DEVELOPMENT AGENCY",
    },
    Object {
      "CATEGORY": "Health",
      "ICON": "iconbloodbank_new.jpg",
      "QUERYNAME": "blood_bank",
      "THEMENAME": "Bloodbank locations",
      "THEME_OWNER": "HEALTH SCIENCES AUTHORITY",
    },
    Object {
      "CATEGORY": "Health",
      "ICON": "HCS.jpg",
      "QUERYNAME": "healthiercaterers",
      "THEMENAME": "Healthier Caterers",
      "THEME_OWNER": "HEALTH PROMOTION BOARD",
    },
    Object {
      "CATEGORY": "Health",
      "ICON": "HealthierDining.PNG",
      "QUERYNAME": "healthierdining",
      "THEMENAME": "Healthier Eateries",
      "THEME_OWNER": "HEALTH PROMOTION BOARD",
    },
    Object {
      "CATEGORY": "Environment",
      "ICON": "skull2a20.png",
      "QUERYNAME": "wastetreatment",
      "THEMENAME": "Waste Treatment",
      "THEME_OWNER": "NATIONAL ENVIRONMENT AGENCY",
    },
    Object {
      "CATEGORY": "null",
      "ICON": "null",
      "QUERYNAME": "maxwell_fnb_map",
      "THEMENAME": "Maxwell Chambers F&B map",
      "THEME_OWNER": "MINISTRY OF LAW",
    },
    Object {
      "CATEGORY": "Education",
      "ICON": "pink.jpg",
      "QUERYNAME": "cpe_pei_premises",
      "THEMENAME": "Private Education Institutions",
      "THEME_OWNER": "SKILLSFUTURE SINGAPORE",
    },
    Object {
      "CATEGORY": "Community",
      "ICON": "SpeedCam_logo.gif",
      "QUERYNAME": "spf_fsc",
      "THEMENAME": "Singapore Police Force Fixed Speed Cameras",
      "THEME_OWNER": "SINGAPORE POLICE FORCE",
    },
    Object {
      "CATEGORY": "null",
      "ICON": "null",
      "QUERYNAME": "sewerageconstruction",
      "THEMENAME": "SewerageConstruction",
      "THEME_OWNER": "PUBLIC UTILITIES BOARD",
    },
    Object {
      "CATEGORY": "Community",
      "ICON": "PA.jpg",
      "QUERYNAME": "cdcouncils",
      "THEMENAME": "Community Devt Councils",
      "THEME_OWNER": "PEOPLE'S ASSOCIATION",
    },
    Object {
      "CATEGORY": "Community",
      "ICON": "PA.jpg",
      "QUERYNAME": "otherpanetworks",
      "THEMENAME": "Other PA Networks",
      "THEME_OWNER": "PEOPLE'S ASSOCIATION",
    },
    Object {
      "CATEGORY": "Environment",
      "ICON": "stableslogo.PNG",
      "QUERYNAME": "stables",
      "THEMENAME": "Stables",
      "THEME_OWNER": "NATIONAL ENVIRONMENT AGENCY",
    },
    Object {
      "CATEGORY": "Environment",
      "ICON": "icon.png",
      "QUERYNAME": "dsa",
      "THEMENAME": "Designated Smoking Areas",
      "THEME_OWNER": "NATIONAL ENVIRONMENT AGENCY",
    },
    Object {
      "CATEGORY": "Environment",
      "ICON": "icon.png",
      "QUERYNAME": "track_record_ils_feb18",
      "THEMENAME": "Certificate Grading Info of Licensed Eating Establishments",
      "THEME_OWNER": "NATIONAL ENVIRONMENT AGENCY",
    },
    Object {
      "CATEGORY": "Environment",
      "ICON": "eatingestablogo.jpg",
      "QUERYNAME": "eating_establishments",
      "THEMENAME": "Eating Establishments",
      "THEME_OWNER": "NATIONAL ENVIRONMENT AGENCY",
    },
    Object {
      "CATEGORY": "Environment",
      "ICON": "recycle1a.jpg",
      "QUERYNAME": "recyclingbins",
      "THEMENAME": "Recycling Bins",
      "THEME_OWNER": "NATIONAL ENVIRONMENT AGENCY",
    },
    Object {
      "CATEGORY": "null",
      "ICON": "null",
      "QUERYNAME": "hdbnrpunderconstruction",
      "THEMENAME": "HDB Neighbourhood Renewal Programme Proposed and Under-Construction (NRP)",
      "THEME_OWNER": "HOUSING AND DEVELOPMENT BOARD",
    },
    Object {
      "CATEGORY": "Family",
      "ICON": "onemap-fc-family.png",
      "QUERYNAME": "family",
      "THEMENAME": "Family Services",
      "THEME_OWNER": "MINISTRY OF SOCIAL AND FAMILY DEVELOPMENT",
    },
    Object {
      "CATEGORY": "Family",
      "ICON": "onemap-fc-studentcare.png",
      "QUERYNAME": "studentcare",
      "THEMENAME": "Student Care Services",
      "THEME_OWNER": "MINISTRY OF SOCIAL AND FAMILY DEVELOPMENT",
    },
    Object {
      "CATEGORY": "Environment",
      "ICON": "Capture.PNG",
      "QUERYNAME": "pub_waterlevelsensors",
      "THEMENAME": "PUB Water Level Sensors",
      "THEME_OWNER": "PUBLIC UTILITIES BOARD",
    },
    Object {
      "CATEGORY": "Community",
      "ICON": "PA.jpg",
      "QUERYNAME": "constituencyoffices",
      "THEMENAME": "Constituency Offices",
      "THEME_OWNER": "PEOPLE'S ASSOCIATION",
    },
    Object {
      "CATEGORY": "Community",
      "ICON": "onemap_MoneyExchange_20.png",
      "QUERYNAME": "moneychanger",
      "THEMENAME": "Locations of Money Changer",
      "THEME_OWNER": "MONETARY AUTHORITY OF SINGAPORE",
    },
    Object {
      "CATEGORY": "null",
      "ICON": "null",
      "QUERYNAME": "nparks_uc_parks",
      "THEMENAME": "Under-Construction Parks",
      "THEME_OWNER": "NATIONAL PARKS BOARD",
    },
    Object {
      "CATEGORY": "null",
      "ICON": "null",
      "QUERYNAME": "underconstruction_facilities",
      "THEMENAME": "Under-Construction Park Facilities",
      "THEME_OWNER": "NATIONAL PARKS BOARD",
    },
    Object {
      "CATEGORY": "Community",
      "ICON": "map-carpark.jpg",
      "QUERYNAME": "hdb_car_park_information",
      "THEMENAME": "HDB Car Park Information",
      "THEME_OWNER": "HOUSING AND DEVELOPMENT BOARD",
    },
    Object {
      "CATEGORY": "Environment",
      "ICON": "tender-map-abc.png",
      "QUERYNAME": "abcwatersconstruction",
      "THEMENAME": "ABC Waters Construction",
      "THEME_OWNER": "PUBLIC UTILITIES BOARD",
    },
    Object {
      "CATEGORY": "Community",
      "ICON": "redStation.png",
      "QUERYNAME": "axs_station",
      "THEMENAME": "AXS Station",
      "THEME_OWNER": "SINGAPORE LAND AUTHORITY",
    },
    Object {
      "CATEGORY": "Health",
      "ICON": "OM2_MOHicon_CHASclinic_20px.png",
      "QUERYNAME": "moh_chas_clinics",
      "THEMENAME": "CHAS Clinics",
      "THEME_OWNER": "MINISTRY OF HEALTH",
    },
    Object {
      "CATEGORY": "Health",
      "ICON": "CSS.jpg",
      "QUERYNAME": "cervicalscreen",
      "THEMENAME": "Cervical Screening Centre",
      "THEME_OWNER": "HEALTH PROMOTION BOARD",
    },
    Object {
      "CATEGORY": "Environment",
      "ICON": "gml_j20.jpg",
      "QUERYNAME": "greenbuilding",
      "THEMENAME": "Green Mark Buildings",
      "THEME_OWNER": "BUILDING AND CONSTRUCTION AUTHORITY",
    },
    Object {
      "CATEGORY": "Health",
      "ICON": "Pharmacies_new.jpg",
      "QUERYNAME": "registered_pharmacy",
      "THEMENAME": "Retail pharmacy locations",
      "THEME_OWNER": "HEALTH SCIENCES AUTHORITY",
    },
    Object {
      "CATEGORY": "Environment",
      "ICON": "npark.png",
      "QUERYNAME": "skyrise_greenery",
      "THEMENAME": "NParks Skyrise Greenery",
      "THEME_OWNER": "NATIONAL PARKS BOARD",
    },
    Object {
      "CATEGORY": "Community",
      "ICON": "PA.jpg",
      "QUERYNAME": "communityclubs",
      "THEMENAME": "Community Clubs",
      "THEME_OWNER": "PEOPLE'S ASSOCIATION",
    },
    Object {
      "CATEGORY": "null",
      "ICON": "null",
      "QUERYNAME": "heritageroadgreenbuffer",
      "THEMENAME": "Heritage Road Green Buffers",
      "THEME_OWNER": "NATIONAL PARKS BOARD",
    },
    Object {
      "CATEGORY": "null",
      "ICON": "null",
      "QUERYNAME": "ltarailprj_uc_unclass",
      "THEMENAME": "LTA Rail Project Under Construction (Unclassified)",
      "THEME_OWNER": "LAND TRANSPORT AUTHORITY",
    },
    Object {
      "CATEGORY": "Recreation",
      "ICON": "icon36x36pcn.jpg",
      "QUERYNAME": "pcn_access_points",
      "THEMENAME": "PCN Access Points",
      "THEME_OWNER": "NATIONAL PARKS BOARD",
    },
    Object {
      "CATEGORY": "Environment",
      "ICON": "cctv.png",
      "QUERYNAME": "pub_cctv_public",
      "THEMENAME": "PUB CCTV",
      "THEME_OWNER": "PUBLIC UTILITIES BOARD",
    },
    Object {
      "CATEGORY": "null",
      "ICON": "null",
      "QUERYNAME": "watersupplyconstruction",
      "THEMENAME": "WaterSupplyConstruction",
      "THEME_OWNER": "PUBLIC UTILITIES BOARD",
    },
    Object {
      "CATEGORY": "Recreation",
      "ICON": "Resized-BHFPC.jpg",
      "QUERYNAME": "cib_gardens",
      "THEMENAME": "Community in Bloom (CIB)",
      "THEME_OWNER": "NATIONAL PARKS BOARD",
    },
    Object {
      "CATEGORY": "Recreation",
      "ICON": "parks.gif",
      "QUERYNAME": "nationalparks",
      "THEMENAME": "Parks",
      "THEME_OWNER": "NATIONAL PARKS BOARD",
    },
    Object {
      "CATEGORY": "Recreation",
      "ICON": "image.jpg",
      "QUERYNAME": "park_connector_loop",
      "THEMENAME": "Park Connector Loop",
      "THEME_OWNER": "NATIONAL PARKS BOARD",
    },
    Object {
      "CATEGORY": "Education",
      "ICON": "location-icon.png",
      "QUERYNAME": "preschools_location",
      "THEMENAME": "Pre-Schools Location",
      "THEME_OWNER": "EARLY CHILDHOOD DEVELOPMENT AGENCY",
    },
    Object {
      "CATEGORY": "Environment",
      "ICON": "supermarketlogo.jpg",
      "QUERYNAME": "supermarkets",
      "THEMENAME": "Supermarkets",
      "THEME_OWNER": "NATIONAL ENVIRONMENT AGENCY",
    },
    Object {
      "CATEGORY": "Sports",
      "ICON": "20170810_DUS_ICON.png",
      "QUERYNAME": "sportsg_dus_sport_facilities",
      "THEMENAME": "SportSG DUS Sport Facilities",
      "THEME_OWNER": "SPORT SINGAPORE",
    },
    Object {
      "CATEGORY": "Health",
      "ICON": "Picture1.png",
      "QUERYNAME": "breedinghabitat_northwest_area",
      "THEMENAME": "Aedes Mosquito Breeding Habitats - North West",
      "THEME_OWNER": "NATIONAL ENVIRONMENT AGENCY",
    },
    Object {
      "CATEGORY": "Health",
      "ICON": "Picture1.png",
      "QUERYNAME": "denguecase_southwest_area",
      "THEMENAME": "Dengue (Cases) - South West",
      "THEME_OWNER": "NATIONAL ENVIRONMENT AGENCY",
    },
    Object {
      "CATEGORY": "Environment",
      "ICON": "icon.png",
      "QUERYNAME": "nsz",
      "THEMENAME": "No Smoking Zones",
      "THEME_OWNER": "NATIONAL ENVIRONMENT AGENCY",
    },
    Object {
      "CATEGORY": "null",
      "ICON": "null",
      "QUERYNAME": "hdbcyclingunderconstruction",
      "THEMENAME": "HDB Cycling Paths Under-Construction",
      "THEME_OWNER": "HOUSING AND DEVELOPMENT BOARD",
    },
    Object {
      "CATEGORY": "Recreation",
      "ICON": "untitled2.png",
      "QUERYNAME": "nparks_lamppost",
      "THEMENAME": "NParks Lamp Post",
      "THEME_OWNER": "NATIONAL PARKS BOARD",
    },
    Object {
      "CATEGORY": "Environment",
      "ICON": "2hand.jpg",
      "QUERYNAME": "secondhandcollecn",
      "THEMENAME": "2nd Hand Goods Collection Points",
      "THEME_OWNER": "NATIONAL ENVIRONMENT AGENCY",
    },
    Object {
      "CATEGORY": "Environment",
      "ICON": "image.gif",
      "QUERYNAME": "nparks_parks",
      "THEMENAME": "NParks Parks",
      "THEME_OWNER": "NATIONAL PARKS BOARD",
    },
    Object {
      "CATEGORY": "Government Offices",
      "ICON": "Crest_20x20.jpg",
      "QUERYNAME": "spf_establishments",
      "THEMENAME": "Singapore Police Force Establishments",
      "THEME_OWNER": "SINGAPORE POLICE FORCE",
    },
    Object {
      "CATEGORY": "Environment",
      "ICON": "cash for trash.jpg",
      "QUERYNAME": "cashfortrash",
      "THEMENAME": "Cash For Trash",
      "THEME_OWNER": "NATIONAL ENVIRONMENT AGENCY",
    },
    Object {
      "CATEGORY": "Environment",
      "ICON": "ewaste.jpg",
      "QUERYNAME": "ewaste",
      "THEMENAME": "E-waste Recycling",
      "THEME_OWNER": "NATIONAL ENVIRONMENT AGENCY",
    },
    Object {
      "CATEGORY": "null",
      "ICON": "null",
      "QUERYNAME": "hdbbuildingunderconstruction",
      "THEMENAME": "HDB Public Housing Building Under-Construction",
      "THEME_OWNER": "HOUSING AND DEVELOPMENT BOARD",
    },
    Object {
      "CATEGORY": "null",
      "ICON": "null",
      "QUERYNAME": "hdbluppropunderconstruction",
      "THEMENAME": "HDB Lift Upgrading Programme Proposed and Under-Construction (LUP)",
      "THEME_OWNER": "HOUSING AND DEVELOPMENT BOARD",
    },
    Object {
      "CATEGORY": "Community",
      "ICON": "psz-LOGO_20by20.png",
      "QUERYNAME": "parkingstandardszone",
      "THEMENAME": "LTA Parking Standards Zone",
      "THEME_OWNER": "LAND TRANSPORT AUTHORITY",
    },
    Object {
      "CATEGORY": "Community",
      "ICON": "SpeedCam_logo.gif",
      "QUERYNAME": "spf_rlc",
      "THEMENAME": "Singapore Police Force Red Light Cameras",
      "THEME_OWNER": "SINGAPORE POLICE FORCE",
    },
    Object {
      "CATEGORY": "Community",
      "ICON": "SpeedCam_logo.gif",
      "QUERYNAME": "spf_pslc",
      "THEMENAME": "Singapore Police Force Police Speed Laser Cameras",
      "THEME_OWNER": "SINGAPORE POLICE FORCE",
    },
    Object {
      "CATEGORY": "Community",
      "ICON": "DTRLS--logo.gif",
      "QUERYNAME": "spf_dtrls",
      "THEMENAME": "Singapore Police Force Digital Traffic Red Light Cameras",
      "THEME_OWNER": "SINGAPORE POLICE FORCE",
    },
    Object {
      "CATEGORY": "Recreation",
      "ICON": "recreation_sla.gif",
      "QUERYNAME": "comm_use_sites",
      "THEMENAME": "Community Use Sites",
      "THEME_OWNER": "SINGAPORE LAND AUTHORITY",
    },
    Object {
      "CATEGORY": "Culture",
      "ICON": "onemapicon.gif",
      "QUERYNAME": "historicsites",
      "THEMENAME": "Historic Sites",
      "THEME_OWNER": "NATIONAL HERITAGE BOARD",
    },
    Object {
      "CATEGORY": "Education",
      "ICON": "school.gif",
      "QUERYNAME": "kindergartens",
      "THEMENAME": "Kindergartens",
      "THEME_OWNER": "EARLY CHILDHOOD DEVELOPMENT AGENCY",
    },
    Object {
      "CATEGORY": "Culture",
      "ICON": "library.gif",
      "QUERYNAME": "libraries",
      "THEMENAME": "Libraries",
      "THEME_OWNER": "NATIONAL LIBRARY BOARD",
    },
    Object {
      "CATEGORY": "Community",
      "ICON": "RC_20.gif",
      "QUERYNAME": "residentscommittee",
      "THEMENAME": "Residents Committees",
      "THEME_OWNER": "PEOPLE'S ASSOCIATION",
    },
    Object {
      "CATEGORY": "Health",
      "ICON": "Picture1.png",
      "QUERYNAME": "breedinghabitat_southwest_area",
      "THEMENAME": "Aedes Mosquito Breeding Habitats - South West",
      "THEME_OWNER": "NATIONAL ENVIRONMENT AGENCY",
    },
    Object {
      "CATEGORY": "Health",
      "ICON": "Picture1.png",
      "QUERYNAME": "denguecase_northeast_area",
      "THEMENAME": "Dengue (Cases) - North East",
      "THEME_OWNER": "NATIONAL ENVIRONMENT AGENCY",
    },
    Object {
      "CATEGORY": "Health",
      "ICON": "Picture1.png",
      "QUERYNAME": "denguecase_southeast_area",
      "THEMENAME": "Dengue (Cases) - South East",
      "THEME_OWNER": "NATIONAL ENVIRONMENT AGENCY",
    },
    Object {
      "CATEGORY": "Health",
      "ICON": "Picture1.png",
      "QUERYNAME": "denguecase_central_area",
      "THEMENAME": "Dengue (Cases) - Central",
      "THEME_OWNER": "NATIONAL ENVIRONMENT AGENCY",
    },
    Object {
      "CATEGORY": "Health",
      "ICON": "Picture1.png",
      "QUERYNAME": "breedinghabitat_northeast_area",
      "THEMENAME": "Aedes Mosquito Breeding Habitats - North East",
      "THEME_OWNER": "NATIONAL ENVIRONMENT AGENCY",
    },
    Object {
      "CATEGORY": "Health",
      "ICON": "mosquitoa20.jpg",
      "QUERYNAME": "dengue_cluster",
      "THEMENAME": "Dengue Clusters",
      "THEME_OWNER": "NATIONAL ENVIRONMENT AGENCY",
    },
    Object {
      "CATEGORY": "Health",
      "ICON": "Go To Point Logo 19x18.png",
      "QUERYNAME": "dfc_gtp",
      "THEMENAME": "Dementia Friendly Go-To-Points (GTPs)",
      "THEME_OWNER": "MINISTRY OF HEALTH",
    },
    Object {
      "CATEGORY": "Environment",
      "ICON": "ONEMAPicon.png",
      "QUERYNAME": "hawkercentre_new",
      "THEMENAME": "Hawker Centres_New",
      "THEME_OWNER": "NATIONAL ENVIRONMENT AGENCY",
    },
    Object {
      "CATEGORY": "Environment",
      "ICON": "mosquito.png",
      "QUERYNAME": "areas_hap",
      "THEMENAME": "Areas with High Aedes Population",
      "THEME_OWNER": "NATIONAL ENVIRONMENT AGENCY",
    },
    Object {
      "CATEGORY": "null",
      "ICON": "null",
      "QUERYNAME": "nparks_facilities",
      "THEMENAME": "Park Facilities",
      "THEME_OWNER": "NATIONAL PARKS BOARD",
    },
    Object {
      "CATEGORY": "Government Offices",
      "ICON": "Crest_20x20.jpg",
      "QUERYNAME": "npc_boundary",
      "THEMENAME": "Singapore Police Force NPC Boundary",
      "THEME_OWNER": "SINGAPORE POLICE FORCE",
    },
    Object {
      "CATEGORY": "Family",
      "ICON": "onemap-fc-vwo.png",
      "QUERYNAME": "voluntarywelfareorgs",
      "THEMENAME": "Voluntary Welfare Orgs",
      "THEME_OWNER": "MINISTRY OF SOCIAL AND FAMILY DEVELOPMENT",
    },
    Object {
      "CATEGORY": "Family",
      "ICON": "onemap-fc-childcare.png",
      "QUERYNAME": "childcare",
      "THEMENAME": "Child Care Services",
      "THEME_OWNER": "EARLY CHILDHOOD DEVELOPMENT AGENCY",
    },
    Object {
      "CATEGORY": "null",
      "ICON": "null",
      "QUERYNAME": "hdbroadsunderconstruction",
      "THEMENAME": "HDB Roads Under Construction",
      "THEME_OWNER": "HOUSING AND DEVELOPMENT BOARD",
    },
    Object {
      "CATEGORY": "Recreation",
      "ICON": "2016-03-31-CYCLING LOGO-Blue.jpg",
      "QUERYNAME": "cyclingpath",
      "THEMENAME": "Cycling Path Network",
      "THEME_OWNER": "LAND TRANSPORT AUTHORITY",
    },
    Object {
      "CATEGORY": "Community",
      "ICON": "ARS logo20.jpg",
      "QUERYNAME": "bfabuildings",
      "THEMENAME": "Friendly Buildings",
      "THEME_OWNER": "BUILDING AND CONSTRUCTION AUTHORITY",
    },
    Object {
      "CATEGORY": "Health",
      "ICON": "OM2_MOHicon_CDMPclinic_20px.png",
      "QUERYNAME": "moh_cdmp_clinics",
      "THEMENAME": "CDMP Clinics",
      "THEME_OWNER": "MINISTRY OF HEALTH",
    },
    Object {
      "CATEGORY": "Emergency Preparedness",
      "ICON": "aed_icon.png",
      "QUERYNAME": "public_access_aed_locations",
      "THEMENAME": "Public Access AED Locations",
      "THEME_OWNER": "SINGAPORE CIVIL DEFENCE FORCE",
    },
    Object {
      "CATEGORY": "Emergency Preparedness",
      "ICON": "aedlogo.png",
      "QUERYNAME": "aed_locations",
      "THEMENAME": "Public Access AEDs",
      "THEME_OWNER": "SINGAPORE CIVIL DEFENCE FORCE",
    },
  ],
}
`;

exports[`getThemeInfo 1`] = `
Object {
  "Theme_Names": Array [
    Object {
      "QUERYNAME": "liquor_control_zones",
      "THEMENAME": "Liquor Control Zone(s) proclaimed under Liquor Control (Supply and Consumption) Act 2015",
    },
  ],
}
`;

exports[`retrieveTheme 1`] = `
Object {
  "SrchResults": Array [
    Object {
      "Category": "Community",
      "DateTime": Object {
        "date": "2015-02-13 07:29:05.000000",
        "timezone": "+00:00",
        "timezone_type": 1,
      },
      "FeatCount": 0,
      "Owner": "SINGAPORE POLICE FORCE",
      "Theme_Name": "Liquor Control Zone(s) proclaimed under Liquor Control (Supply and Consumption) Act 2015",
    },
  ],
}
`;
